Archive member included because of file (symbol)

c:/program files (x86)/atmel/atmel toolchain/avr32 gcc/native/3.4.2.1002/avr32-gnu-toolchain/bin/../lib/gcc/avr32/4.4.7/ucr2\libgcc.a(_avr32_s32_to_f64.o)
                              src/sensor.o (__avr32_s32_to_f64)

Allocating common symbols
Common symbol       size              file

acc_reading         0x18              src/sensor.o

Discarded input sections

 .text          0x00000000        0x0 src/ASF/avr32/boards/uc3_a3_xplained/init.o
 .data          0x00000000        0x0 src/ASF/avr32/boards/uc3_a3_xplained/init.o
 .bss           0x00000000        0x0 src/ASF/avr32/boards/uc3_a3_xplained/init.o
 .text          0x00000000        0x0 src/ASF/avr32/boards/uc3_a3_xplained/led.o
 .data          0x00000000        0x0 src/ASF/avr32/boards/uc3_a3_xplained/led.o
 .bss           0x00000000        0x0 src/ASF/avr32/boards/uc3_a3_xplained/led.o
 .debug_abbrev  0x00000000      0x209 src/ASF/avr32/boards/uc3_a3_xplained/led.o
 .debug_info    0x00000000      0x746 src/ASF/avr32/boards/uc3_a3_xplained/led.o
 .debug_line    0x00000000      0x854 src/ASF/avr32/boards/uc3_a3_xplained/led.o
 .debug_macinfo
                0x00000000   0x11786d src/ASF/avr32/boards/uc3_a3_xplained/led.o
 .text.LED_Read_Display
                0x00000000        0xc src/ASF/avr32/boards/uc3_a3_xplained/led.o
 .text.LED_Display
                0x00000000       0x54 src/ASF/avr32/boards/uc3_a3_xplained/led.o
 .text.LED_Read_Display_Mask
                0x00000000        0xc src/ASF/avr32/boards/uc3_a3_xplained/led.o
 .text.LED_Test
                0x00000000       0x10 src/ASF/avr32/boards/uc3_a3_xplained/led.o
 .text.LED_Get_Intensity
                0x00000000        0x2 src/ASF/avr32/boards/uc3_a3_xplained/led.o
 .text.LED_Set_Intensity
                0x00000000        0x2 src/ASF/avr32/boards/uc3_a3_xplained/led.o
 .text.LED_Read_Display_Field
                0x00000000       0x18 src/ASF/avr32/boards/uc3_a3_xplained/led.o
 .text.LED_Toggle
                0x00000000       0x50 src/ASF/avr32/boards/uc3_a3_xplained/led.o
 .text.LED_On   0x00000000       0x50 src/ASF/avr32/boards/uc3_a3_xplained/led.o
 .text.LED_Off  0x00000000       0x54 src/ASF/avr32/boards/uc3_a3_xplained/led.o
 .text.LED_Display_Mask
                0x00000000       0x74 src/ASF/avr32/boards/uc3_a3_xplained/led.o
 .text.LED_Display_Field
                0x00000000       0x18 src/ASF/avr32/boards/uc3_a3_xplained/led.o
 .data.LED_State
                0x00000000        0x4 src/ASF/avr32/boards/uc3_a3_xplained/led.o
 .rodata.LED_DESCRIPTOR
                0x00000000       0x40 src/ASF/avr32/boards/uc3_a3_xplained/led.o
 .debug_frame   0x00000000       0xe0 src/ASF/avr32/boards/uc3_a3_xplained/led.o
 .debug_loc     0x00000000       0xff src/ASF/avr32/boards/uc3_a3_xplained/led.o
 .debug_pubnames
                0x00000000       0xf6 src/ASF/avr32/boards/uc3_a3_xplained/led.o
 .debug_aranges
                0x00000000       0x78 src/ASF/avr32/boards/uc3_a3_xplained/led.o
 .debug_ranges  0x00000000       0x70 src/ASF/avr32/boards/uc3_a3_xplained/led.o
 .debug_str     0x00000000      0x382 src/ASF/avr32/boards/uc3_a3_xplained/led.o
 .comment       0x00000000       0x31 src/ASF/avr32/boards/uc3_a3_xplained/led.o
 .text          0x00000000        0x0 src/ASF/avr32/drivers/gpio/gpio.o
 .data          0x00000000        0x0 src/ASF/avr32/drivers/gpio/gpio.o
 .bss           0x00000000        0x0 src/ASF/avr32/drivers/gpio/gpio.o
 .text.gpio_enable_gpio_pin
                0x00000000       0x18 src/ASF/avr32/drivers/gpio/gpio.o
 .text.gpio_enable_gpio
                0x00000000       0x28 src/ASF/avr32/drivers/gpio/gpio.o
 .text.gpio_enable_pin_pull_up
                0x00000000       0x16 src/ASF/avr32/drivers/gpio/gpio.o
 .text.gpio_disable_pin_pull_up
                0x00000000       0x16 src/ASF/avr32/drivers/gpio/gpio.o
 .text.gpio_configure_group
                0x00000000       0x6e src/ASF/avr32/drivers/gpio/gpio.o
 .text.gpio_get_pin_value
                0x00000000       0x16 src/ASF/avr32/drivers/gpio/gpio.o
 .text.gpio_get_gpio_pin_output_value
                0x00000000       0x16 src/ASF/avr32/drivers/gpio/gpio.o
 .text.gpio_get_gpio_open_drain_pin_output_value
                0x00000000       0x1a src/ASF/avr32/drivers/gpio/gpio.o
 .text.gpio_set_gpio_pin
                0x00000000       0x1c src/ASF/avr32/drivers/gpio/gpio.o
 .text.gpio_set_pin_high
                0x00000000       0x16 src/ASF/avr32/drivers/gpio/gpio.o
 .text.gpio_set_group_high
                0x00000000        0xc src/ASF/avr32/drivers/gpio/gpio.o
 .text.gpio_set_pin_low
                0x00000000       0x16 src/ASF/avr32/drivers/gpio/gpio.o
 .text.gpio_clr_gpio_pin
                0x00000000       0x1c src/ASF/avr32/drivers/gpio/gpio.o
 .text.gpio_set_group_low
                0x00000000        0xc src/ASF/avr32/drivers/gpio/gpio.o
 .text.gpio_tgl_gpio_pin
                0x00000000       0x1c src/ASF/avr32/drivers/gpio/gpio.o
 .text.gpio_toggle_pin
                0x00000000       0x16 src/ASF/avr32/drivers/gpio/gpio.o
 .text.gpio_toggle_group
                0x00000000        0xc src/ASF/avr32/drivers/gpio/gpio.o
 .text.gpio_set_gpio_open_drain_pin
                0x00000000       0x18 src/ASF/avr32/drivers/gpio/gpio.o
 .text.gpio_clr_gpio_open_drain_pin
                0x00000000       0x1c src/ASF/avr32/drivers/gpio/gpio.o
 .text.gpio_tgl_gpio_open_drain_pin
                0x00000000       0x1c src/ASF/avr32/drivers/gpio/gpio.o
 .text.gpio_enable_pin_glitch_filter
                0x00000000       0x16 src/ASF/avr32/drivers/gpio/gpio.o
 .text.gpio_disable_pin_glitch_filter
                0x00000000       0x16 src/ASF/avr32/drivers/gpio/gpio.o
 .text.gpio_enable_pin_interrupt
                0x00000000       0x46 src/ASF/avr32/drivers/gpio/gpio.o
 .text.gpio_disable_pin_interrupt
                0x00000000       0x16 src/ASF/avr32/drivers/gpio/gpio.o
 .text.gpio_get_pin_interrupt_flag
                0x00000000       0x18 src/ASF/avr32/drivers/gpio/gpio.o
 .text.gpio_clear_pin_interrupt_flag
                0x00000000       0x16 src/ASF/avr32/drivers/gpio/gpio.o
 .text          0x00000000        0x0 src/ASF/avr32/drivers/intc/exception.o
 .data          0x00000000        0x0 src/ASF/avr32/drivers/intc/exception.o
 .bss           0x00000000        0x0 src/ASF/avr32/drivers/intc/exception.o
 .text          0x00000000        0x0 src/ASF/avr32/drivers/intc/intc.o
 .data          0x00000000        0x0 src/ASF/avr32/drivers/intc/intc.o
 .bss           0x00000000        0x0 src/ASF/avr32/drivers/intc/intc.o
 .text          0x00000000        0x0 src/ASF/avr32/drivers/twim/twim.o
 .data          0x00000000        0x0 src/ASF/avr32/drivers/twim/twim.o
 .bss           0x00000000        0x0 src/ASF/avr32/drivers/twim/twim.o
 .text.twim_chained_transfer
                0x00000000      0x1dc src/ASF/avr32/drivers/twim/twim.o
 .text.twim_write_packet
                0x00000000       0xd8 src/ASF/avr32/drivers/twim/twim.o
 .text.twim_read_packet
                0x00000000      0x110 src/ASF/avr32/drivers/twim/twim.o
 .text          0x00000000        0x0 src/pwm.o
 .data          0x00000000        0x0 src/pwm.o
 .bss           0x00000000        0x0 src/pwm.o
 .debug_abbrev  0x00000000       0x16 src/pwm.o
 .debug_info    0x00000000       0x29 src/pwm.o
 .debug_line    0x00000000       0x2d src/pwm.o
 .debug_macinfo
                0x00000000      0xc87 src/pwm.o
 .debug_str     0x00000000       0x60 src/pwm.o
 .comment       0x00000000       0x31 src/pwm.o
 .text          0x00000000        0x0 src/rf.o
 .data          0x00000000        0x0 src/rf.o
 .bss           0x00000000        0x0 src/rf.o
 .debug_abbrev  0x00000000       0x16 src/rf.o
 .debug_info    0x00000000       0x29 src/rf.o
 .debug_line    0x00000000       0x2c src/rf.o
 .debug_macinfo
                0x00000000      0xc87 src/rf.o
 .debug_str     0x00000000       0x5f src/rf.o
 .comment       0x00000000       0x31 src/rf.o
 .text          0x00000000        0x0 src/sensor.o
 .data          0x00000000        0x0 src/sensor.o
 .bss           0x00000000        0x0 src/sensor.o
 .bss.n         0x00000000        0x4 src/sensor.o
 .text          0x00000000        0x0 src/twi.o
 .data          0x00000000        0x0 src/twi.o
 .bss           0x00000000        0x0 src/twi.o
 .debug_abbrev  0x00000000       0x16 src/twi.o
 .debug_info    0x00000000       0x29 src/twi.o
 .debug_line    0x00000000       0x2d src/twi.o
 .debug_macinfo
                0x00000000      0xc87 src/twi.o
 .debug_str     0x00000000       0x60 src/twi.o
 .comment       0x00000000       0x31 src/twi.o
 .text          0x00000000        0x0 src/uart.o
 .data          0x00000000        0x0 src/uart.o
 .bss           0x00000000        0x0 src/uart.o
 .debug_abbrev  0x00000000       0x16 src/uart.o
 .debug_info    0x00000000       0x29 src/uart.o
 .debug_line    0x00000000       0x2e src/uart.o
 .debug_macinfo
                0x00000000      0xc87 src/uart.o
 .debug_str     0x00000000       0x61 src/uart.o
 .comment       0x00000000       0x31 src/uart.o
 .text          0x00000000        0x0 src/ASF/avr32/utils/startup/startup_uc3.o
 .data          0x00000000        0x0 src/ASF/avr32/utils/startup/startup_uc3.o
 .bss           0x00000000        0x0 src/ASF/avr32/utils/startup/startup_uc3.o
 .text          0x00000000        0x0 src/ASF/avr32/utils/startup/trampoline_uc3.o
 .data          0x00000000        0x0 src/ASF/avr32/utils/startup/trampoline_uc3.o
 .bss           0x00000000        0x0 src/ASF/avr32/utils/startup/trampoline_uc3.o
 .text          0x00000000        0x0 src/esc.o
 .data          0x00000000        0x0 src/esc.o
 .bss           0x00000000        0x0 src/esc.o
 .debug_abbrev  0x00000000       0x16 src/esc.o
 .debug_info    0x00000000       0x29 src/esc.o
 .debug_line    0x00000000       0x2d src/esc.o
 .debug_macinfo
                0x00000000      0xc87 src/esc.o
 .debug_str     0x00000000       0x60 src/esc.o
 .comment       0x00000000       0x31 src/esc.o
 .text          0x00000000        0x0 src/kalman.o
 .data          0x00000000        0x0 src/kalman.o
 .bss           0x00000000        0x0 src/kalman.o
 .debug_abbrev  0x00000000       0x16 src/kalman.o
 .debug_info    0x00000000       0x29 src/kalman.o
 .debug_line    0x00000000       0x30 src/kalman.o
 .debug_macinfo
                0x00000000      0xc87 src/kalman.o
 .debug_str     0x00000000       0x63 src/kalman.o
 .comment       0x00000000       0x31 src/kalman.o
 .text          0x00000000        0x0 src/lqr.o
 .data          0x00000000        0x0 src/lqr.o
 .bss           0x00000000        0x0 src/lqr.o
 .debug_abbrev  0x00000000       0x16 src/lqr.o
 .debug_info    0x00000000       0x29 src/lqr.o
 .debug_line    0x00000000       0x2d src/lqr.o
 .debug_macinfo
                0x00000000      0xc87 src/lqr.o
 .debug_str     0x00000000       0x60 src/lqr.o
 .comment       0x00000000       0x31 src/lqr.o
 .text          0x00000000        0x0 src/main.o
 .data          0x00000000        0x0 src/main.o
 .bss           0x00000000        0x0 src/main.o
 .data          0x00000000        0x0 c:/program files (x86)/atmel/atmel toolchain/avr32 gcc/native/3.4.2.1002/avr32-gnu-toolchain/bin/../lib/gcc/avr32/4.4.7/ucr2\libgcc.a(_avr32_s32_to_f64.o)
 .bss           0x00000000        0x0 c:/program files (x86)/atmel/atmel toolchain/avr32 gcc/native/3.4.2.1002/avr32-gnu-toolchain/bin/../lib/gcc/avr32/4.4.7/ucr2\libgcc.a(_avr32_s32_to_f64.o)

Memory Configuration

Name             Origin             Length             Attributes
FLASH            0x80000000         0x00040000         axrl !w
INTRAM           0x00000004         0x0000fffc         axw !rl
HRAM0            0xff000000         0x00008000         axw !rl
HRAM1            0xff008000         0x00008000         axw !rl
USERPAGE         0x80800000         0x00000200
*default*        0x00000000         0xffffffff

Linker script and memory map

                0x00001000                _stack_size = 0x1000
LOAD src/ASF/avr32/boards/uc3_a3_xplained/init.o
LOAD src/ASF/avr32/boards/uc3_a3_xplained/led.o
LOAD src/ASF/avr32/drivers/gpio/gpio.o
LOAD src/ASF/avr32/drivers/intc/exception.o
LOAD src/ASF/avr32/drivers/intc/intc.o
LOAD src/ASF/avr32/drivers/twim/twim.o
LOAD src/pwm.o
LOAD src/rf.o
LOAD src/sensor.o
LOAD src/twi.o
LOAD src/uart.o
LOAD src/ASF/avr32/utils/startup/startup_uc3.o
LOAD src/ASF/avr32/utils/startup/trampoline_uc3.o
LOAD src/esc.o
LOAD src/kalman.o
LOAD src/lqr.o
LOAD src/main.o
START GROUP
END GROUP
LOAD c:/program files (x86)/atmel/atmel toolchain/avr32 gcc/native/3.4.2.1002/avr32-gnu-toolchain/bin/../lib/gcc/avr32/4.4.7/ucr2\libgcc.a
LOAD c:/program files (x86)/atmel/atmel toolchain/avr32 gcc/native/3.4.2.1002/avr32-gnu-toolchain/bin/../lib/gcc/avr32/4.4.7/../../../../avr32/lib/ucr2\libc.a
LOAD c:/program files (x86)/atmel/atmel toolchain/avr32 gcc/native/3.4.2.1002/avr32-gnu-toolchain/bin/../lib/gcc/avr32/4.4.7/ucr2\libgcc.a
                0xffffffff                __max_heap_size__ = 0xffffffff
                [0xffffffff]                __heap_size__ = DEFINED (__heap_size__)?__heap_size__:__max_heap_size__
                [0x00001000]                __stack_size__ = DEFINED (__stack_size__)?__stack_size__:0x1000
                0x80000000                PROVIDE (__executable_start, 0x80000000)
                0x80000000                . = 0x80000000

.interp
 *(.interp)

.reset          0x80000000     0x2008
 *(.reset)
 .reset         0x80000000        0x4 src/ASF/avr32/utils/startup/startup_uc3.o
                                  0x8 (size before relaxing)
                0x80000000                _start
 .reset         0x80000004     0x2004 src/ASF/avr32/utils/startup/trampoline_uc3.o
                               0x2008 (size before relaxing)
                0x80000004                _trampoline

.hash
 *(.hash)

.dynsym
 *(.dynsym)

.dynstr
 *(.dynstr)

.gnu.version
 *(.gnu.version)

.gnu.version_d
 *(.gnu.version_d)

.gnu.version_r
 *(.gnu.version_r)

.rel.init
 *(.rel.init)

.rela.init
 *(.rela.init)

.rel.text
 *(.rel.text .rel.text.* .rel.gnu.linkonce.t.*)

.rela.text
 *(.rela.text .rela.text.* .rela.gnu.linkonce.t.*)

.rel.fini
 *(.rel.fini)

.rela.fini
 *(.rela.fini)

.rel.rodata
 *(.rel.rodata .rel.rodata.* .rel.gnu.linkonce.r.*)

.rela.rodata
 *(.rela.rodata .rela.rodata.* .rela.gnu.linkonce.r.*)

.rel.data.rel.ro
 *(.rel.data.rel.ro*)

.rela.data.rel.ro
 *(.rel.data.rel.ro*)

.rel.data
 *(.rel.data .rel.data.* .rel.gnu.linkonce.d.*)

.rela.data
 *(.rela.data .rela.data.* .rela.gnu.linkonce.d.*)

.rel.tdata
 *(.rel.tdata .rel.tdata.* .rel.gnu.linkonce.td.*)

.rela.tdata
 *(.rela.tdata .rela.tdata.* .rela.gnu.linkonce.td.*)

.rel.tbss
 *(.rel.tbss .rel.tbss.* .rel.gnu.linkonce.tb.*)

.rela.tbss
 *(.rela.tbss .rela.tbss.* .rela.gnu.linkonce.tb.*)

.rel.ctors
 *(.rel.ctors)

.rela.ctors
 *(.rela.ctors)

.rel.dtors
 *(.rel.dtors)

.rela.dtors
 *(.rela.dtors)

.rel.got
 *(.rel.got)

.rela.got
 *(.rela.got)

.rel.bss
 *(.rel.bss .rel.bss.* .rel.gnu.linkonce.b.*)

.rela.bss
 *(.rela.bss .rela.bss.* .rela.gnu.linkonce.b.*)

.rel.plt
 *(.rel.plt)

.rela.plt
 *(.rela.plt)

.init
 *(.init)

.plt
 *(.plt)

.text           0x80002008      0x90c
 *(.text .stub .text.* .gnu.linkonce.t.*)
 .text.board_init
                0x80002008       0x70 src/ASF/avr32/boards/uc3_a3_xplained/init.o
                0x80002008                board_init
 .text.gpio_enable_module_pin
                0x80002078       0x52 src/ASF/avr32/drivers/gpio/gpio.o
                0x80002078                gpio_enable_module_pin
 *fill*         0x800020ca        0x2 d703d703
 .text.gpio_enable_module
                0x800020cc       0x30 src/ASF/avr32/drivers/gpio/gpio.o
                0x800020cc                gpio_enable_module
 .text.gpio_configure_pin
                0x800020fc       0xb8 src/ASF/avr32/drivers/gpio/gpio.o
                0x800020fc                gpio_configure_pin
 .text._unhandled_interrupt
                0x800021b4        0x2 src/ASF/avr32/drivers/intc/intc.o
 *fill*         0x800021b6        0x2 d703d703
 .text.INTC_register_interrupt
                0x800021b8       0x80 src/ASF/avr32/drivers/intc/intc.o
                0x800021b8                INTC_register_interrupt
 .text.INTC_init_interrupts
                0x80002238       0x54 src/ASF/avr32/drivers/intc/intc.o
                0x80002238                INTC_init_interrupts
 .text._get_interrupt_handler
                0x8000228c       0x38 src/ASF/avr32/drivers/intc/intc.o
                0x8000228c                _get_interrupt_handler
 .text.twim_master_interrupt_handler
                0x800022c4       0xdc src/ASF/avr32/drivers/twim/twim.o
 .text.twim_set_speed
                0x800023a0       0x62 src/ASF/avr32/drivers/twim/twim.o
                0x800023a0                twim_set_speed
 *fill*         0x80002402        0x2 d703d703
 .text.twim_status
                0x80002404       0x10 src/ASF/avr32/drivers/twim/twim.o
                0x80002404                twim_status
 .text.twim_disable_interrupt
                0x80002414       0x14 src/ASF/avr32/drivers/twim/twim.o
                0x80002414                twim_disable_interrupt
 .text.twim_write
                0x80002428       0xac src/ASF/avr32/drivers/twim/twim.o
                0x80002428                twim_write
 .text.twim_probe
                0x800024d4       0x1c src/ASF/avr32/drivers/twim/twim.o
                0x800024d4                twim_probe
 .text.twim_read
                0x800024f0       0xd8 src/ASF/avr32/drivers/twim/twim.o
                0x800024f0                twim_read
 .text.twim_master_init
                0x800025c8       0xb8 src/ASF/avr32/drivers/twim/twim.o
                0x800025c8                twim_master_init
 .text.sensor_acc_write
                0x80002680       0x20 src/sensor.o
                0x80002680                sensor_acc_write
 .text.sensor_acc_read
                0x800026a0       0x38 src/sensor.o
                0x800026a0                sensor_acc_read
 .text.sensor_acc_new_data_int_handle
                0x800026d8       0x58 src/sensor.o
                0x800026d8                sensor_acc_new_data_int_handle
 .text.sensor_acc_init
                0x80002730       0x54 src/sensor.o
                0x80002730                sensor_acc_init
 .text._stext   0x80002784       0x4c src/ASF/avr32/utils/startup/startup_uc3.o
                                 0x50 (size before relaxing)
                0x80002784                _stext
 .text.main     0x800027d0       0x5c src/main.o
                0x800027d0                main
 .text          0x8000282c       0xe8 c:/program files (x86)/atmel/atmel toolchain/avr32 gcc/native/3.4.2.1002/avr32-gnu-toolchain/bin/../lib/gcc/avr32/4.4.7/ucr2\libgcc.a(_avr32_s32_to_f64.o)
                0x8000282c                __avr32_u32_to_f64
                0x80002834                __avr32_s32_to_f64
 *(.text.*personality*)
 *(.gnu.warning)

.exception      0x80002a00      0x200
 .exception     0x80002a00      0x200 src/ASF/avr32/drivers/intc/exception.o
                0x80002a00                _evba
                0x80002b04                _int0
                0x80002b12                _int1
                0x80002b20                _int2
                0x80002b2e                _int3

.fini
 *(.fini)
                0x80002c00                PROVIDE (__etext, .)
                0x80002c00                PROVIDE (_etext, .)
                0x80002c00                PROVIDE (etext, .)

.rodata         0x80002c00      0x130
 *(.rodata .rodata.* .gnu.linkonce.r.*)
 .rodata.AT45DBX_SPI_GPIO_MAP.13071
                0x80002c00       0x20 src/ASF/avr32/boards/uc3_a3_xplained/init.o
 .rodata.C.44.13072
                0x80002c20       0x10 src/ASF/avr32/boards/uc3_a3_xplained/init.o
 .rodata.COMPORT_GPIO_MAP.13070
                0x80002c30       0x10 src/ASF/avr32/boards/uc3_a3_xplained/init.o
 .rodata._int_handler_table
                0x80002c40       0xf0 src/ASF/avr32/drivers/intc/intc.o

.rodata1
 *(.rodata1)

.eh_frame_hdr
 *(.eh_frame_hdr)

.eh_frame
 *(.eh_frame)

.gcc_except_table
 *(.gcc_except_table)
 *(.gcc_except_table.*)

.lalign         0x80002d30        0x0
                0x80002d30                . = ALIGN (0x8)
                0x80002d30                PROVIDE (_data_lma, .)
                0x00000004                . = ORIGIN (INTRAM)

.dalign         0x00000004        0x4
                0x00000008                . = ALIGN (0x8)
 *fill*         0x00000004        0x4 
                0x00000008                PROVIDE (_data, .)

.eh_frame
 *(.eh_frame)

.gcc_except_table
 *(.gcc_except_table)
 *(.gcc_except_table.*)

.tdata
 *(.tdata .tdata.* .gnu.linkonce.td.*)

.tbss
 *(.tbss .tbss.* .gnu.linkonce.tb.*)
 *(.tcommon)
                0x00000008                PROVIDE (__preinit_array_start, ALIGN (0x4))

.preinit_array
 *(.preinit_array)
                0x00000008                PROVIDE (__preinit_array_end, .)
                0x00000008                PROVIDE (__init_array_start, .)

.init_array
 *(.init_array)
                0x00000008                PROVIDE (__init_array_end, .)
                0x00000008                PROVIDE (__fini_array_start, .)

.fini_array
 *(.fini_array)
                0x00000008                PROVIDE (__fini_array_end, .)

.ctors
 *crtbegin*.o(.ctors)
 *(EXCLUDE_FILE(*crtend*.o) .ctors)
 *(SORT(.ctors.*))
 *(.ctors)

.dtors
 *crtbegin*.o(.dtors)
 *(EXCLUDE_FILE(*crtend*.o) .dtors)
 *(SORT(.dtors.*))
 *(.dtors)

.jcr
 *(.jcr)

.data.rel.ro
 *(.data.rel.ro.local)
 *(.data.rel.ro*)

.dynamic
 *(.dynamic)

.got
 *(.got.plt)
 *(.got)

.ramtext
 *(.ramtext .ramtext.*)

.ddalign        0x00000008        0x0 load address 0x80002d30
                0x00000008                . = ALIGN (0x8)

.data           0x00000008        0x4 load address 0x80002d30
 *(.data .data.* .gnu.linkonce.d.*)
 .data.led_port
                0x00000008        0x4 src/sensor.o
                0x00000008                led_port
 *(.gnu.linkonce.d.*personality*)

.data1
 *(.data1)

.balign         0x0000000c        0x4 load address 0x80002d34
                0x00000010                . = ALIGN (0x8)
 *fill*         0x0000000c        0x4 
                0x00000010                PROVIDE (_edata, .)
                0x00000010                PROVIDE (edata, .)
                0x00000010                __bss_start = .

.bss            0x00000010      0x148
 *(.dynbss)
 *(.bss .bss.* .gnu.linkonce.b.*)
 .bss._int_line_handler_table_0
                0x00000010        0x4 src/ASF/avr32/drivers/intc/intc.o
 .bss._int_line_handler_table_1
                0x00000014       0x28 src/ASF/avr32/drivers/intc/intc.o
 .bss._int_line_handler_table_2
                0x0000003c       0x38 src/ASF/avr32/drivers/intc/intc.o
 .bss._int_line_handler_table_21
                0x00000074        0x4 src/ASF/avr32/drivers/intc/intc.o
 .bss._int_line_handler_table_22
                0x00000078       0x14 src/ASF/avr32/drivers/intc/intc.o
 .bss._int_line_handler_table_23
                0x0000008c        0x4 src/ASF/avr32/drivers/intc/intc.o
 .bss._int_line_handler_table_16
                0x00000090        0xc src/ASF/avr32/drivers/intc/intc.o
 .bss._int_line_handler_table_10
                0x0000009c        0x4 src/ASF/avr32/drivers/intc/intc.o
 .bss._int_line_handler_table_11
                0x000000a0        0x4 src/ASF/avr32/drivers/intc/intc.o
 .bss._int_line_handler_table_12
                0x000000a4        0x4 src/ASF/avr32/drivers/intc/intc.o
 .bss._int_line_handler_table_13
                0x000000a8        0x4 src/ASF/avr32/drivers/intc/intc.o
 .bss._int_line_handler_table_14
                0x000000ac        0xc src/ASF/avr32/drivers/intc/intc.o
 .bss._int_line_handler_table_15
                0x000000b8        0x4 src/ASF/avr32/drivers/intc/intc.o
 .bss._int_line_handler_table_20
                0x000000bc        0x4 src/ASF/avr32/drivers/intc/intc.o
 .bss._int_line_handler_table_17
                0x000000c0        0x4 src/ASF/avr32/drivers/intc/intc.o
 .bss._int_line_handler_table_18
                0x000000c4        0x4 src/ASF/avr32/drivers/intc/intc.o
 .bss._int_line_handler_table_19
                0x000000c8        0x4 src/ASF/avr32/drivers/intc/intc.o
 .bss._int_line_handler_table_3
                0x000000cc       0x20 src/ASF/avr32/drivers/intc/intc.o
 .bss._int_line_handler_table_4
                0x000000ec        0x4 src/ASF/avr32/drivers/intc/intc.o
 .bss._int_line_handler_table_5
                0x000000f0        0x4 src/ASF/avr32/drivers/intc/intc.o
 .bss._int_line_handler_table_6
                0x000000f4        0x4 src/ASF/avr32/drivers/intc/intc.o
 .bss._int_line_handler_table_7
                0x000000f8        0x4 src/ASF/avr32/drivers/intc/intc.o
 .bss._int_line_handler_table_8
                0x000000fc        0x4 src/ASF/avr32/drivers/intc/intc.o
 .bss._int_line_handler_table_9
                0x00000100        0x4 src/ASF/avr32/drivers/intc/intc.o
 .bss._int_line_handler_table_24
                0x00000104        0x4 src/ASF/avr32/drivers/intc/intc.o
 .bss._int_line_handler_table_26
                0x00000108        0x4 src/ASF/avr32/drivers/intc/intc.o
 .bss._int_line_handler_table_25
                0x0000010c        0x4 src/ASF/avr32/drivers/intc/intc.o
 .bss._int_line_handler_table_27
                0x00000110        0x4 src/ASF/avr32/drivers/intc/intc.o
 .bss._int_line_handler_table_28
                0x00000114        0x4 src/ASF/avr32/drivers/intc/intc.o
 .bss._int_line_handler_table_29
                0x00000118        0x4 src/ASF/avr32/drivers/intc/intc.o
 .bss.twim_inst
                0x0000011c        0x4 src/ASF/avr32/drivers/twim/twim.o
 .bss.twim_rx_data
                0x00000120        0x4 src/ASF/avr32/drivers/twim/twim.o
 .bss.twim_rx_nb_bytes
                0x00000124        0x4 src/ASF/avr32/drivers/twim/twim.o
 .bss.transfer_status
                0x00000128        0x4 src/ASF/avr32/drivers/twim/twim.o
 .bss.twim_tx_data
                0x0000012c        0x4 src/ASF/avr32/drivers/twim/twim.o
 .bss.twim_it_mask
                0x00000130        0x4 src/ASF/avr32/drivers/twim/twim.o
 .bss.twim_next
                0x00000134        0x1 src/ASF/avr32/drivers/twim/twim.o
 *fill*         0x00000135        0x3 
 .bss.twim_package
                0x00000138        0x4 src/ASF/avr32/drivers/twim/twim.o
 .bss.twim_tx_nb_bytes
                0x0000013c        0x4 src/ASF/avr32/drivers/twim/twim.o
 *(COMMON)
 COMMON         0x00000140       0x18 src/sensor.o
                0x00000140                acc_reading
                0x00000158                . = ALIGN (0x8)
                0x00000158                . = ALIGN (0x8)
                0x00000158                _end = .
                0x00000158                PROVIDE (end, .)
                0x00000158                __heap_start__ = ALIGN (0x8)

.heap           0x00000158     0xeea8
 *(.heap)
                0x0000eea8                . = (__heap_size__ == __max_heap_size__)?(((ORIGIN (INTRAM) + 0xfffc) - __stack_size__) - ABSOLUTE (.)):__heap_size__
 *fill*         0x00000158     0xeea8 
                0x0000f000                __heap_end__ = .

.stab
 *(.stab)

.stabstr
 *(.stabstr)

.stab.excl
 *(.stab.excl)

.stab.exclstr
 *(.stab.exclstr)

.stab.index
 *(.stab.index)

.stab.indexstr
 *(.stab.indexstr)

.comment        0x00000000       0x30
 *(.comment)
 .comment       0x00000000       0x30 src/ASF/avr32/boards/uc3_a3_xplained/init.o
                                 0x31 (size before relaxing)
 .comment       0x00000000       0x31 src/ASF/avr32/drivers/gpio/gpio.o
 .comment       0x00000000       0x31 src/ASF/avr32/drivers/intc/intc.o
 .comment       0x00000000       0x31 src/ASF/avr32/drivers/twim/twim.o
 .comment       0x00000000       0x31 src/sensor.o
 .comment       0x00000000       0x31 src/main.o

.debug
 *(.debug)

.line
 *(.line)

.debug_srcinfo
 *(.debug_srcinfo)

.debug_sfnames
 *(.debug_sfnames)

.debug_aranges  0x00000000      0x288
 *(.debug_aranges)
 .debug_aranges
                0x00000000       0x20 src/ASF/avr32/boards/uc3_a3_xplained/init.o
 .debug_aranges
                0x00000020      0x100 src/ASF/avr32/drivers/gpio/gpio.o
 .debug_aranges
                0x00000120       0x20 src/ASF/avr32/drivers/intc/exception.o
 .debug_aranges
                0x00000140       0x38 src/ASF/avr32/drivers/intc/intc.o
 .debug_aranges
                0x00000178       0x70 src/ASF/avr32/drivers/twim/twim.o
 .debug_aranges
                0x000001e8       0x38 src/sensor.o
 .debug_aranges
                0x00000220       0x28 src/ASF/avr32/utils/startup/startup_uc3.o
 .debug_aranges
                0x00000248       0x20 src/ASF/avr32/utils/startup/trampoline_uc3.o
 .debug_aranges
                0x00000268       0x20 src/main.o

.debug_pubnames
                0x00000000      0x549
 *(.debug_pubnames)
 .debug_pubnames
                0x00000000       0x21 src/ASF/avr32/boards/uc3_a3_xplained/init.o
 .debug_pubnames
                0x00000021      0x330 src/ASF/avr32/drivers/gpio/gpio.o
 .debug_pubnames
                0x00000351       0x62 src/ASF/avr32/drivers/intc/intc.o
 .debug_pubnames
                0x000003b3       0xd6 src/ASF/avr32/drivers/twim/twim.o
 .debug_pubnames
                0x00000489       0x95 src/sensor.o
 .debug_pubnames
                0x0000051e       0x2b src/main.o

.debug_info     0x00000000     0x44bd
 *(.debug_info .gnu.linkonce.wi.*)
 .debug_info    0x00000000      0x13c src/ASF/avr32/boards/uc3_a3_xplained/init.o
 .debug_info    0x0000013c      0xb1b src/ASF/avr32/drivers/gpio/gpio.o
 .debug_info    0x00000c57       0x99 src/ASF/avr32/drivers/intc/exception.o
 .debug_info    0x00000cf0      0x69f src/ASF/avr32/drivers/intc/intc.o
 .debug_info    0x0000138f     0x11a6 src/ASF/avr32/drivers/twim/twim.o
 .debug_info    0x00002535      0xfb2 src/sensor.o
 .debug_info    0x000034e7       0x98 src/ASF/avr32/utils/startup/startup_uc3.o
 .debug_info    0x0000357f       0x9f src/ASF/avr32/utils/startup/trampoline_uc3.o
 .debug_info    0x0000361e      0xe9f src/main.o

.debug_abbrev   0x00000000      0xb6e
 *(.debug_abbrev)
 .debug_abbrev  0x00000000       0xae src/ASF/avr32/boards/uc3_a3_xplained/init.o
 .debug_abbrev  0x000000ae      0x28b src/ASF/avr32/drivers/gpio/gpio.o
 .debug_abbrev  0x00000339       0x14 src/ASF/avr32/drivers/intc/exception.o
 .debug_abbrev  0x0000034d      0x1f2 src/ASF/avr32/drivers/intc/intc.o
 .debug_abbrev  0x0000053f      0x282 src/ASF/avr32/drivers/twim/twim.o
 .debug_abbrev  0x000007c1      0x1ef src/sensor.o
 .debug_abbrev  0x000009b0       0x12 src/ASF/avr32/utils/startup/startup_uc3.o
 .debug_abbrev  0x000009c2       0x14 src/ASF/avr32/utils/startup/trampoline_uc3.o
 .debug_abbrev  0x000009d6      0x198 src/main.o

.debug_line     0x00000000     0x343d
 *(.debug_line)
 .debug_line    0x00000000      0x7a0 src/ASF/avr32/boards/uc3_a3_xplained/init.o
 .debug_line    0x000007a0      0x975 src/ASF/avr32/drivers/gpio/gpio.o
 .debug_line    0x00001115      0x109 src/ASF/avr32/drivers/intc/exception.o
 .debug_line    0x0000121e      0x742 src/ASF/avr32/drivers/intc/intc.o
 .debug_line    0x00001960      0x966 src/ASF/avr32/drivers/twim/twim.o
 .debug_line    0x000022c6      0x828 src/sensor.o
 .debug_line    0x00002aee       0xf2 src/ASF/avr32/utils/startup/startup_uc3.o
 .debug_line    0x00002be0       0x67 src/ASF/avr32/utils/startup/trampoline_uc3.o
 .debug_line    0x00002c47      0x7f6 src/main.o

.debug_frame    0x00000000      0x484
 *(.debug_frame)
 .debug_frame   0x00000000       0x2c src/ASF/avr32/boards/uc3_a3_xplained/init.o
 .debug_frame   0x0000002c      0x204 src/ASF/avr32/drivers/gpio/gpio.o
 .debug_frame   0x00000230       0x64 src/ASF/avr32/drivers/intc/intc.o
 .debug_frame   0x00000294      0x144 src/ASF/avr32/drivers/twim/twim.o
 .debug_frame   0x000003d8       0x80 src/sensor.o
 .debug_frame   0x00000458       0x2c src/main.o

.debug_str      0x00000000     0x107e
 *(.debug_str)
 .debug_str     0x00000000      0x135 src/ASF/avr32/boards/uc3_a3_xplained/init.o
                                0x16e (size before relaxing)
 .debug_str     0x00000135      0x41d src/ASF/avr32/drivers/gpio/gpio.o
                                0x535 (size before relaxing)
 .debug_str     0x00000552      0x491 src/ASF/avr32/drivers/intc/intc.o
                                0x597 (size before relaxing)
 .debug_str     0x000009e3      0x5e5 src/ASF/avr32/drivers/twim/twim.o
                                0x732 (size before relaxing)
 .debug_str     0x00000fc8       0x9a src/sensor.o
                                0x5d1 (size before relaxing)
 .debug_str     0x00001062       0x1c src/main.o
                                0x47f (size before relaxing)

.debug_loc      0x00000000      0xa2b
 *(.debug_loc)
 .debug_loc     0x00000000       0x2b src/ASF/avr32/boards/uc3_a3_xplained/init.o
 .debug_loc     0x0000002b      0x368 src/ASF/avr32/drivers/gpio/gpio.o
 .debug_loc     0x00000393       0xd3 src/ASF/avr32/drivers/intc/intc.o
 .debug_loc     0x00000466      0x48b src/ASF/avr32/drivers/twim/twim.o
 .debug_loc     0x000008f1      0x10f src/sensor.o
 .debug_loc     0x00000a00       0x2b src/main.o

.debug_macinfo  0x00000000   0x68ca84
 *(.debug_macinfo)
 .debug_macinfo
                0x00000000   0x117aef src/ASF/avr32/boards/uc3_a3_xplained/init.o
 .debug_macinfo
                0x00117aef   0x116a65 src/ASF/avr32/drivers/gpio/gpio.o
 .debug_macinfo
                0x0022e554   0x116b12 src/ASF/avr32/drivers/intc/intc.o
 .debug_macinfo
                0x00345066   0x117b1f src/ASF/avr32/drivers/twim/twim.o
 .debug_macinfo
                0x0045cb85   0x117fc2 src/sensor.o
 .debug_macinfo
                0x00574b47   0x117f3d src/main.o

.debug_weaknames
 *(.debug_weaknames)

.debug_funcnames
 *(.debug_funcnames)

.debug_typenames
 *(.debug_typenames)

.debug_varnames
 *(.debug_varnames)

.stack          0x0000f000     0x1000
                0x0000f000                _stack = .
 *(.stack)
                0x00001000                . = __stack_size__
 *fill*         0x0000f000     0x1000 
                0x00010000                _estack = .
                0xff000000                . = ORIGIN (HRAM0)

.data_hram0     0xff000000        0x0 load address 0x80002d38
                0xff000000                PROVIDE (_data_hram0, .)
 *(.data_hram0)
                0xff000000                . = ALIGN (0x8)
                0xff000000                PROVIDE (_edata_hram0, .)
                0x80002d38                PROVIDE (_data_hram0_lma, ABSOLUTE (LOADADDR (.data_hram0)))
                0xff000000                . = ALIGN (0x8)

.bss_hram0      0xff000000        0x0
                0xff000000                PROVIDE (__bss_hram0_start, .)
 *(.bss_hram0)
                0xff000000                PROVIDE (_bss_hram0_end, .)
                0xff008000                . = ORIGIN (HRAM1)

.data_hram1     0xff008000        0x0 load address 0x80002d38
                0xff008000                PROVIDE (_data_hram1, .)
 *(.data_hram1)
                0xff008000                . = ALIGN (0x8)
                0xff008000                PROVIDE (_edata_hram1, .)
                0x80002d38                PROVIDE (_data_hram1_lma, ABSOLUTE (LOADADDR (.data_hram1)))
                0xff008000                . = ALIGN (0x8)

.bss_hram1      0xff008000        0x0
                0xff008000                PROVIDE (__bss_hram1_start, .)
 *(.bss_hram1)
                0xff008000                PROVIDE (_bss_hram1_end, .)

.userpage
 *(.userpage .userpage.*)

/DISCARD/
 *(.note.GNU-stack)
OUTPUT(abeastmode.elf elf32-avr32)

.debug_ranges   0x00000000      0x228
 .debug_ranges  0x00000000       0x18 src/ASF/avr32/boards/uc3_a3_xplained/init.o
 .debug_ranges  0x00000018       0xf8 src/ASF/avr32/drivers/gpio/gpio.o
 .debug_ranges  0x00000110       0x48 src/ASF/avr32/drivers/intc/intc.o
 .debug_ranges  0x00000158       0x68 src/ASF/avr32/drivers/twim/twim.o
 .debug_ranges  0x000001c0       0x30 src/sensor.o
 .debug_ranges  0x000001f0       0x20 src/ASF/avr32/utils/startup/startup_uc3.o
 .debug_ranges  0x00000210       0x18 src/main.o
